
                        (?:
                          # special case for addresses like 100 COUNTY ROAD F  http://regexstorm.net/tester?p=%28%3f%3a%28%3f%3cSTREET%3eCOUNTY%5cW%2bROAD%5cW*%5cw%2b%29%29&i=COUNTY+ROAD+FG%0d%0a%0d%0a&o=ixs
                          (?:(?<STREET>COUNTY\W*ROAD\W*\w+))
                          |
                          # special case for addresses like 100 South Street
                          (?:(?<STREET>NORTHEAST|SOUTHEAST|SOUTHWEST|NORTHWEST|N\.E\.|S\.E\.|S\.W\.|N\.W\.|NORTH|SOUTH|EAST|WEST|N\.|E\.|S\.|W\.|NE|SE|SW|NW|N|E|S|W)\W+
                             (?<SUFFIX>EXPRESSWAY|EXTENSIONS|THROUGHWAY|TRAFFICWAY|BOULEVARD|CROSSROAD|EXTENSION|JUNCTIONS|MOUNTAINS|STRAVENUE|UNDERPASS|CAUSEWAY|CRESCENT|CROSSING|JUNCTION|MOTORWAY|MOUNTAIN|OVERPASS|PARKWAYS|TURNPIKE|VILLAGES|VILLIAGE|CAUSWAY|CENTERS|CIRCLES|CORNERS|CRECENT|CRESENT|CRSSING|ESTATES|EXPRESS|FORESTS|FREEWAY|GARDENS|GATEWAY|HARBORS|HEIGHTS|HIGHWAY|HOLLOWS|ISLANDS|JUNCTON|LANDING|MEADOWS|MISSION|MOUNTIN|ORCHARD|PARKWAY|PASSAGE|PLAINES|PRAIRIE|RANCHES|SPRINGS|SQUARES|STATION|STRAVEN|STREETS|STRVNUE|TERRACE|TUNNELS|VALLEYS|VIADUCT|VILLAGE|ARCADE|AVENUE|BLUFFS|BOTTOM|BRANCH|BRIDGE|BROOKS|BYPASS|CANYON|CENTER|CENTRE|CIRCLE|CLIFFS|COMMON|CORNER|COURSE|COURTS|CRSCNT|CRSENT|CRSSNG|DIVIDE|DRIVES|ESTATE|EXTNSN|FIELDS|FOREST|FORGES|FREEWY|GARDEN|GATEWY|GATWAY|GREENS|GROVES|HARBOR|HEIGHT|HIGHWY|HOLLOW|ISLAND|ISLNDS|JCTION|JUNCTN|KNOLLS|LIGHTS|MANORS|MEADOW|MEDOWS|MNTAIN|ORCHRD|PARKWY|PLAINS|POINTS|PRARIE|RADIAL|RADIEL|RAPIDS|RIDGES|SHOALS|SHOARS|SHORES|SKYWAY|SPRING|SPRNGS|SQUARE|STRAVE|STRAVN|STREAM|STREET|STREME|SUMITT|SUMMIT|TRACES|TRACKS|TRAILS|TUNNEL|TURNPK|UNIONS|VALLEY|VIADCT|VILLAG|ALLEE|ALLEY|ANNEX|AVENU|AVNUE|BAYOO|BAYOU|BEACH|BLUFF|BOTTM|BOULV|BRDGE|BRNCH|BROOK|BURGS|BYPAS|CANYN|CENTR|CIRCL|CLIFF|CNTER|COURT|COVES|CRCLE|CREEK|CREST|CRSNT|CURVE|DRIVE|FALLS|FERRY|FIELD|FLATS|FORDS|FORGE|FORKS|FRWAY|GARDN|GLENS|GRDEN|GRDNS|GREEN|GROVE|GTWAY|HARBR|HAVEN|HILLS|HIWAY|HOLWS|HRBOR|INLET|ISLES|ISLND|JCTNS|KNOLL|LAKES|LANES|LIGHT|LNDNG|LOCKS|LODGE|LOOPS|MANOR|MILLS|MISSN|MNTNS|MOUNT|PARKS|PATHS|PIKES|PINES|PKWAY|PKWYS|PLACE|PLAIN|PLAZA|POINT|PORTS|RANCH|RAPID|RIDGE|RIVER|RNCHS|ROADS|ROUTE|SHOAL|SHOAR|SHORE|SPNGS|SPRNG|SPURS|STATN|STRAV|STRVN|SUMIT|TRACE|TRACK|TRAIL|TRNPK|TUNEL|TUNLS|TUNNL|UNION|VALLY|VIEWS|VILLE|VILLG|VISTA|WALKS|WELLS|BLFS|BLVD|BRKS|CSWY|CTRS|CIRS|CLFS|CORS|CRSE|CRES|CRST|XING|CURV|ESTS|EXPY|EXTS|FLDS|FLTS|FRDS|FRST|FRGS|FRKS|GDNS|GTWY|GLNS|GRNS|GRVS|HBRS|HOLW|INLT|ISLE|JCTS|KNLS|LNDG|LGTS|LCKS|LOOP|MNRS|MDWS|MTNS|MTWY|ORCH|OPAS|OVAL|PARK|PKWY|PSGE|PATH|PIKE|PNES|PLNS|PRTS|RADL|RNCH|RPDS|RDGS|SHLS|SHRS|SKWY|SPGS|SPUR|STRA|STRM|TRWY|TPKE|TRCE|TRAK|TRFY|TUNL|UPAS|VLYS|VLGS|WALK|ALLY|ANEX|ANNX|AVEN|BEND|BLUF|BOUL|BURG|BYPA|BYPS|CAMP|CAPE|CENT|CIRC|CLUB|CNTR|CNYN|COVE|CRCL|DALE|DRIV|EXPR|EXPW|EXTN|FLAT|FORD|FORG|FORK|FORT|FRRY|FRWY|GLEN|GRDN|GROV|HARB|HAVN|HGTS|HILL|HIWY|HLLW|HWAY|JCTN|KEYS|KNOL|LAKE|LANE|LDGE|LOAF|LOCK|LODG|MILL|MNTN|MSSN|MTIN|NECK|PINE|PLZA|PORT|RDGE|REST|RIVR|ROAD|SPNG|SQRE|SQRS|STRT|TERR|TRKS|TRLS|TRPK|VDCT|VIEW|VILL|VIST|VLLY|VSTA|WELL|ALY|ANX|ARC|AVE|BYU|BCH|BND|BLF|BTM|BRG|BRK|BGS|BYP|CYN|CPE|CTR|CIR|CRK|CLF|CLB|CMN|COR|CTS|CVS|XRD|DRS|EST|EXT|FLS|FRY|FLD|FLT|FRD|FRG|FRK|FWY|GDN|GLN|GRN|GRV|HBR|HVN|HTS|HWY|HLS|ISS|JCT|KYS|KNL|LKS|LDG|LGT|LCK|MNR|MDW|MLS|MSN|MTN|NCK|PNE|PLN|PLZ|PTS|PRT|RPD|RDG|RST|RIV|RDS|RTE|SHL|SHR|SPG|SQS|STA|STS|SMT|TER|TRL|UNS|VLY|VIA|VWS|VLG|VIS|WLS|WAY|AVN|BOT|CEN|CMP|CRT|DAM|DIV|DRV|DVD|EXP|FRT|KEY|MNT|OVL|PKY|PRK|PRR|RAD|RVR|SQR|SQU|STN|STR|TPK|TRK|VST|BR|BG|CP|CT|CV|DL|DM|DV|DR|FT|HL|IS|KY|LN|LK|LF|ML|MT|PL|PT|PR|RD|SQ|ST|UN|VW|VL|WL|AV|CK|CR|HT|LA|PK|TR|WY)\b)
                          |
                          (?:(?<PREDIRECTIONAL>NORTHEAST|SOUTHEAST|SOUTHWEST|NORTHWEST|N\.E\.|S\.E\.|S\.W\.|N\.W\.|NORTH|SOUTH|EAST|WEST|N\.|E\.|S\.|W\.|NE|SE|SW|NW|N|E|S|W)\W+)?
                          (?:
                            (?<STREET>[^,]*\d)
                            (?:[^\w,]*(?<POSTDIRECTIONAL>NORTHEAST|SOUTHEAST|SOUTHWEST|NORTHWEST|N\.E\.|S\.E\.|S\.W\.|N\.W\.|NORTH|SOUTH|EAST|WEST|N\.|E\.|S\.|W\.|NE|SE|SW|NW|N|E|S|W)\b)
                           |
                            (?<STREET>[^,]+)
                            (?:[^\w,]+(?<SUFFIX>EXPRESSWAY|EXTENSIONS|THROUGHWAY|TRAFFICWAY|BOULEVARD|CROSSROAD|EXTENSION|JUNCTIONS|MOUNTAINS|STRAVENUE|UNDERPASS|CAUSEWAY|CRESCENT|CROSSING|JUNCTION|MOTORWAY|MOUNTAIN|OVERPASS|PARKWAYS|TURNPIKE|VILLAGES|VILLIAGE|CAUSWAY|CENTERS|CIRCLES|CORNERS|CRECENT|CRESENT|CRSSING|ESTATES|EXPRESS|FORESTS|FREEWAY|GARDENS|GATEWAY|HARBORS|HEIGHTS|HIGHWAY|HOLLOWS|ISLANDS|JUNCTON|LANDING|MEADOWS|MISSION|MOUNTIN|ORCHARD|PARKWAY|PASSAGE|PLAINES|PRAIRIE|RANCHES|SPRINGS|SQUARES|STATION|STRAVEN|STREETS|STRVNUE|TERRACE|TUNNELS|VALLEYS|VIADUCT|VILLAGE|ARCADE|AVENUE|BLUFFS|BOTTOM|BRANCH|BRIDGE|BROOKS|BYPASS|CANYON|CENTER|CENTRE|CIRCLE|CLIFFS|COMMON|CORNER|COURSE|COURTS|CRSCNT|CRSENT|CRSSNG|DIVIDE|DRIVES|ESTATE|EXTNSN|FIELDS|FOREST|FORGES|FREEWY|GARDEN|GATEWY|GATWAY|GREENS|GROVES|HARBOR|HEIGHT|HIGHWY|HOLLOW|ISLAND|ISLNDS|JCTION|JUNCTN|KNOLLS|LIGHTS|MANORS|MEADOW|MEDOWS|MNTAIN|ORCHRD|PARKWY|PLAINS|POINTS|PRARIE|RADIAL|RADIEL|RAPIDS|RIDGES|SHOALS|SHOARS|SHORES|SKYWAY|SPRING|SPRNGS|SQUARE|STRAVE|STRAVN|STREAM|STREET|STREME|SUMITT|SUMMIT|TRACES|TRACKS|TRAILS|TUNNEL|TURNPK|UNIONS|VALLEY|VIADCT|VILLAG|ALLEE|ALLEY|ANNEX|AVENU|AVNUE|BAYOO|BAYOU|BEACH|BLUFF|BOTTM|BOULV|BRDGE|BRNCH|BROOK|BURGS|BYPAS|CANYN|CENTR|CIRCL|CLIFF|CNTER|COURT|COVES|CRCLE|CREEK|CREST|CRSNT|CURVE|DRIVE|FALLS|FERRY|FIELD|FLATS|FORDS|FORGE|FORKS|FRWAY|GARDN|GLENS|GRDEN|GRDNS|GREEN|GROVE|GTWAY|HARBR|HAVEN|HILLS|HIWAY|HOLWS|HRBOR|INLET|ISLES|ISLND|JCTNS|KNOLL|LAKES|LANES|LIGHT|LNDNG|LOCKS|LODGE|LOOPS|MANOR|MILLS|MISSN|MNTNS|MOUNT|PARKS|PATHS|PIKES|PINES|PKWAY|PKWYS|PLACE|PLAIN|PLAZA|POINT|PORTS|RANCH|RAPID|RIDGE|RIVER|RNCHS|ROADS|ROUTE|SHOAL|SHOAR|SHORE|SPNGS|SPRNG|SPURS|STATN|STRAV|STRVN|SUMIT|TRACE|TRACK|TRAIL|TRNPK|TUNEL|TUNLS|TUNNL|UNION|VALLY|VIEWS|VILLE|VILLG|VISTA|WALKS|WELLS|BLFS|BLVD|BRKS|CSWY|CTRS|CIRS|CLFS|CORS|CRSE|CRES|CRST|XING|CURV|ESTS|EXPY|EXTS|FLDS|FLTS|FRDS|FRST|FRGS|FRKS|GDNS|GTWY|GLNS|GRNS|GRVS|HBRS|HOLW|INLT|ISLE|JCTS|KNLS|LNDG|LGTS|LCKS|LOOP|MNRS|MDWS|MTNS|MTWY|ORCH|OPAS|OVAL|PARK|PKWY|PSGE|PATH|PIKE|PNES|PLNS|PRTS|RADL|RNCH|RPDS|RDGS|SHLS|SHRS|SKWY|SPGS|SPUR|STRA|STRM|TRWY|TPKE|TRCE|TRAK|TRFY|TUNL|UPAS|VLYS|VLGS|WALK|ALLY|ANEX|ANNX|AVEN|BEND|BLUF|BOUL|BURG|BYPA|BYPS|CAMP|CAPE|CENT|CIRC|CLUB|CNTR|CNYN|COVE|CRCL|DALE|DRIV|EXPR|EXPW|EXTN|FLAT|FORD|FORG|FORK|FORT|FRRY|FRWY|GLEN|GRDN|GROV|HARB|HAVN|HGTS|HILL|HIWY|HLLW|HWAY|JCTN|KEYS|KNOL|LAKE|LANE|LDGE|LOAF|LOCK|LODG|MILL|MNTN|MSSN|MTIN|NECK|PINE|PLZA|PORT|RDGE|REST|RIVR|ROAD|SPNG|SQRE|SQRS|STRT|TERR|TRKS|TRLS|TRPK|VDCT|VIEW|VILL|VIST|VLLY|VSTA|WELL|ALY|ANX|ARC|AVE|BYU|BCH|BND|BLF|BTM|BRG|BRK|BGS|BYP|CYN|CPE|CTR|CIR|CRK|CLF|CLB|CMN|COR|CTS|CVS|XRD|DRS|EST|EXT|FLS|FRY|FLD|FLT|FRD|FRG|FRK|FWY|GDN|GLN|GRN|GRV|HBR|HVN|HTS|HWY|HLS|ISS|JCT|KYS|KNL|LKS|LDG|LGT|LCK|MNR|MDW|MLS|MSN|MTN|NCK|PNE|PLN|PLZ|PTS|PRT|RPD|RDG|RST|RIV|RDS|RTE|SHL|SHR|SPG|SQS|STA|STS|SMT|TER|TRL|UNS|VLY|VIA|VWS|VLG|VIS|WLS|WAY|AVN|BOT|CEN|CMP|CRT|DAM|DIV|DRV|DVD|EXP|FRT|KEY|MNT|OVL|PKY|PRK|PRR|RAD|RVR|SQR|SQU|STN|STR|TPK|TRK|VST|BR|BG|CP|CT|CV|DL|DM|DV|DR|FT|HL|IS|KY|LN|LK|LF|ML|MT|PL|PT|PR|RD|SQ|ST|UN|VW|VL|WL|AV|CK|CR|HT|LA|PK|TR|WY)\b)
                            (?:[^\w,]+(?<POSTDIRECTIONAL>NORTHEAST|SOUTHEAST|SOUTHWEST|NORTHWEST|N\.E\.|S\.E\.|S\.W\.|N\.W\.|NORTH|SOUTH|EAST|WEST|N\.|E\.|S\.|W\.|NE|SE|SW|NW|N|E|S|W)\b)?
                           |
                            (?<STREET>[^,]+?)
                            (?:[^\w,]+(?<SUFFIX>EXPRESSWAY|EXTENSIONS|THROUGHWAY|TRAFFICWAY|BOULEVARD|CROSSROAD|EXTENSION|JUNCTIONS|MOUNTAINS|STRAVENUE|UNDERPASS|CAUSEWAY|CRESCENT|CROSSING|JUNCTION|MOTORWAY|MOUNTAIN|OVERPASS|PARKWAYS|TURNPIKE|VILLAGES|VILLIAGE|CAUSWAY|CENTERS|CIRCLES|CORNERS|CRECENT|CRESENT|CRSSING|ESTATES|EXPRESS|FORESTS|FREEWAY|GARDENS|GATEWAY|HARBORS|HEIGHTS|HIGHWAY|HOLLOWS|ISLANDS|JUNCTON|LANDING|MEADOWS|MISSION|MOUNTIN|ORCHARD|PARKWAY|PASSAGE|PLAINES|PRAIRIE|RANCHES|SPRINGS|SQUARES|STATION|STRAVEN|STREETS|STRVNUE|TERRACE|TUNNELS|VALLEYS|VIADUCT|VILLAGE|ARCADE|AVENUE|BLUFFS|BOTTOM|BRANCH|BRIDGE|BROOKS|BYPASS|CANYON|CENTER|CENTRE|CIRCLE|CLIFFS|COMMON|CORNER|COURSE|COURTS|CRSCNT|CRSENT|CRSSNG|DIVIDE|DRIVES|ESTATE|EXTNSN|FIELDS|FOREST|FORGES|FREEWY|GARDEN|GATEWY|GATWAY|GREENS|GROVES|HARBOR|HEIGHT|HIGHWY|HOLLOW|ISLAND|ISLNDS|JCTION|JUNCTN|KNOLLS|LIGHTS|MANORS|MEADOW|MEDOWS|MNTAIN|ORCHRD|PARKWY|PLAINS|POINTS|PRARIE|RADIAL|RADIEL|RAPIDS|RIDGES|SHOALS|SHOARS|SHORES|SKYWAY|SPRING|SPRNGS|SQUARE|STRAVE|STRAVN|STREAM|STREET|STREME|SUMITT|SUMMIT|TRACES|TRACKS|TRAILS|TUNNEL|TURNPK|UNIONS|VALLEY|VIADCT|VILLAG|ALLEE|ALLEY|ANNEX|AVENU|AVNUE|BAYOO|BAYOU|BEACH|BLUFF|BOTTM|BOULV|BRDGE|BRNCH|BROOK|BURGS|BYPAS|CANYN|CENTR|CIRCL|CLIFF|CNTER|COURT|COVES|CRCLE|CREEK|CREST|CRSNT|CURVE|DRIVE|FALLS|FERRY|FIELD|FLATS|FORDS|FORGE|FORKS|FRWAY|GARDN|GLENS|GRDEN|GRDNS|GREEN|GROVE|GTWAY|HARBR|HAVEN|HILLS|HIWAY|HOLWS|HRBOR|INLET|ISLES|ISLND|JCTNS|KNOLL|LAKES|LANES|LIGHT|LNDNG|LOCKS|LODGE|LOOPS|MANOR|MILLS|MISSN|MNTNS|MOUNT|PARKS|PATHS|PIKES|PINES|PKWAY|PKWYS|PLACE|PLAIN|PLAZA|POINT|PORTS|RANCH|RAPID|RIDGE|RIVER|RNCHS|ROADS|ROUTE|SHOAL|SHOAR|SHORE|SPNGS|SPRNG|SPURS|STATN|STRAV|STRVN|SUMIT|TRACE|TRACK|TRAIL|TRNPK|TUNEL|TUNLS|TUNNL|UNION|VALLY|VIEWS|VILLE|VILLG|VISTA|WALKS|WELLS|BLFS|BLVD|BRKS|CSWY|CTRS|CIRS|CLFS|CORS|CRSE|CRES|CRST|XING|CURV|ESTS|EXPY|EXTS|FLDS|FLTS|FRDS|FRST|FRGS|FRKS|GDNS|GTWY|GLNS|GRNS|GRVS|HBRS|HOLW|INLT|ISLE|JCTS|KNLS|LNDG|LGTS|LCKS|LOOP|MNRS|MDWS|MTNS|MTWY|ORCH|OPAS|OVAL|PARK|PKWY|PSGE|PATH|PIKE|PNES|PLNS|PRTS|RADL|RNCH|RPDS|RDGS|SHLS|SHRS|SKWY|SPGS|SPUR|STRA|STRM|TRWY|TPKE|TRCE|TRAK|TRFY|TUNL|UPAS|VLYS|VLGS|WALK|ALLY|ANEX|ANNX|AVEN|BEND|BLUF|BOUL|BURG|BYPA|BYPS|CAMP|CAPE|CENT|CIRC|CLUB|CNTR|CNYN|COVE|CRCL|DALE|DRIV|EXPR|EXPW|EXTN|FLAT|FORD|FORG|FORK|FORT|FRRY|FRWY|GLEN|GRDN|GROV|HARB|HAVN|HGTS|HILL|HIWY|HLLW|HWAY|JCTN|KEYS|KNOL|LAKE|LANE|LDGE|LOAF|LOCK|LODG|MILL|MNTN|MSSN|MTIN|NECK|PINE|PLZA|PORT|RDGE|REST|RIVR|ROAD|SPNG|SQRE|SQRS|STRT|TERR|TRKS|TRLS|TRPK|VDCT|VIEW|VILL|VIST|VLLY|VSTA|WELL|ALY|ANX|ARC|AVE|BYU|BCH|BND|BLF|BTM|BRG|BRK|BGS|BYP|CYN|CPE|CTR|CIR|CRK|CLF|CLB|CMN|COR|CTS|CVS|XRD|DRS|EST|EXT|FLS|FRY|FLD|FLT|FRD|FRG|FRK|FWY|GDN|GLN|GRN|GRV|HBR|HVN|HTS|HWY|HLS|ISS|JCT|KYS|KNL|LKS|LDG|LGT|LCK|MNR|MDW|MLS|MSN|MTN|NCK|PNE|PLN|PLZ|PTS|PRT|RPD|RDG|RST|RIV|RDS|RTE|SHL|SHR|SPG|SQS|STA|STS|SMT|TER|TRL|UNS|VLY|VIA|VWS|VLG|VIS|WLS|WAY|AVN|BOT|CEN|CMP|CRT|DAM|DIV|DRV|DVD|EXP|FRT|KEY|MNT|OVL|PKY|PRK|PRR|RAD|RVR|SQR|SQU|STN|STR|TPK|TRK|VST|BR|BG|CP|CT|CV|DL|DM|DV|DR|FT|HL|IS|KY|LN|LK|LF|ML|MT|PL|PT|PR|RD|SQ|ST|UN|VW|VL|WL|AV|CK|CR|HT|LA|PK|TR|WY)\b)?
                            (?:[^\w,]+(?<POSTDIRECTIONAL>NORTHEAST|SOUTHEAST|SOUTHWEST|NORTHWEST|N\.E\.|S\.E\.|S\.W\.|N\.W\.|NORTH|SOUTH|EAST|WEST|N\.|E\.|S\.|W\.|NE|SE|SW|NW|N|E|S|W)\b)?
                          )
                        )
                    